09/16/2020 14:47:40 - WARNING - root -   warning!!!
09/16/2020 14:47:40 - INFO - root -   this is info!
09/16/2020 14:47:40 - INFO - __main__ -   info message
09/16/2020 14:47:40 - WARNING - __main__ -   warn message
09/16/2020 14:47:40 - ERROR - __main__ -   error message
09/16/2020 14:47:40 - CRITICAL - __main__ -   critical message
09/16/2020 14:49:19 - WARNING - root -   warning!!! 101111
09/16/2020 14:49:19 - INFO - root -   this is info!
09/16/2020 14:49:19 - INFO - __main__ -   info message
09/16/2020 14:49:19 - WARNING - __main__ -   warn message
09/16/2020 14:49:19 - ERROR - __main__ -   error message
09/16/2020 14:49:19 - CRITICAL - __main__ -   critical message
